
> society-app@0.1.0 build
> next build

node.exe : ΓÜá Warning: 
Next.js inferred your 
workspace root, but it may 
not be correct.
At line:1 char:1
+ & "C:\Program 
Files\nodejs/node.exe" "C:\
Users\choud\AppData\Roaming
\ ...
+ ~~~~~~~~~~~~~~~~~~~~~~~~~
~~~~~~~~~~~~~~~~~~~~~~~~~~~
~~~~~~~~~~~~~~~~~
    + CategoryInfo         
     : NotSpecified: (ΓÜá  
   Warning: Ne...not be    
 correct.:String) [], R    
emoteException
    + FullyQualifiedErrorI 
   d : NativeCommandError
 
 We detected multiple 
lockfiles and selected the 
directory of C:\Users\choud
\package-lock.json as the 
root directory.
 To silence this warning, 
set `turbopack.root` in 
your Next.js config, or 
consider removing one of 
the lockfiles if it's not 
needed.
   See https://nextjs.org/d
ocs/app/api-reference/confi
g/next-config-js/turbopack#
root-directory for more 
information.
 Detected additional 
lockfiles: 
   * C:\Users\choud\Desktop
\Society-Management\package
-lock.json

Γû▓ Next.js 16.2.1 (Turbopack)
- Environments: .env

ΓÜá The "middleware" file 
convention is deprecated. 
Please use "proxy" 
instead. Learn more: https:
//nextjs.org/docs/messages/
middleware-to-proxy
  Creating an optimized production build ...
Γ£ô Compiled successfully in 2.7s
  Running TypeScript ...
  Finished TypeScript in 3.5s ...
  Collecting page data using 11 workers ...
Error [PrismaClientInitiali
zationError]: 
`PrismaClient` needs to be 
constructed with a 
non-empty, valid 
`PrismaClientOptions`:

```
new PrismaClient({
  ...
})
```

or

```
constructor() {
  super({ ... });
}
```
          
    at module evaluation (C
:\Users\choud\Desktop\Socie
ty-Management\.next\server\
chunks\[root-of-the-server]
__0vztz9c._.js:1:1167)
    at instantiateModule (C
:\Users\choud\Desktop\Socie
ty-Management\.next\server\
chunks\[turbopack]_runtime.
js:853:9)
    at getOrInstantiateModu
leFromParent (C:\Users\chou
d\Desktop\Society-Managemen
t\.next\server\chunks\[turb
opack]_runtime.js:877:12)
    at Context.esmImport 
[as i] (C:\Users\choud\Desk
top\Society-Management\.nex
t\server\chunks\[turbopack]
_runtime.js:281:20)
    at module evaluation (C
:\Users\choud\Desktop\Socie
ty-Management\.next\server\
chunks\[root-of-the-server]
__0vztz9c._.js:1:1471)
    at instantiateModule (C
:\Users\choud\Desktop\Socie
ty-Management\.next\server\
chunks\[turbopack]_runtime.
js:853:9)
    at 
instantiateRuntimeModule (C
:\Users\choud\Desktop\Socie
ty-Management\.next\server\
chunks\[turbopack]_runtime.
js:882:12)
    at getOrInstantiateRunt
imeModule (C:\Users\choud\D
esktop\Society-Management\.
next\server\chunks\[turbopa
ck]_runtime.js:895:12)
    at Object.m (C:\Users\c
houd\Desktop\Society-Manage
ment\.next\server\chunks\[t
urbopack]_runtime.js:898:18
) {
  clientVersion: '7.5.0',
  errorCode: undefined,
  retryable: undefined
}

> Build error occurred
Error: Failed to collect 
page data for 
/api/auth/login
    at ignore-listed 
frames {
  type: 'Error'
}
